// Jest Snapshot v1, https://goo.gl/fbAQLP

exports[`Home renders Home unchanged 1`] = `
<div>
  <main
    class="main-layout"
  >
    <h1
      class="headline"
    >
      Countries App
    </h1>
    <div
      class="countriesContainer"
    />
  </main>
</div>
`;
